{
  "email": "other@2.example.com",
  "first": false,
  "uauth_id": {
    "scim_external_id": "me",
    "team": "579edcd0-6f1b-11ee-b49a-e770ab99392a"
  },
  "sso_id": {
    "scim_external_id": "me"
  }
}
