{
    "scim_external_id": "it",
    "team": "579edcd0-6f1b-11ee-b49a-e770ab99392a"
}
