{
    "failed_to_add": [
        {
            "domain": "faraway.example.com",
            "id": "0000114a-0000-7da8-0000-40cb00007fcf"
        }
    ]
}
